2025-07-17 16:34:48,743 INFO o.a.j.u.JMeterUtils: Setting Locale to en_EN
2025-07-17 16:34:48,763 INFO o.a.j.JMeter: Loading user properties from: /opt/jmeter/bin/user.properties
2025-07-17 16:34:48,764 INFO o.a.j.JMeter: Loading system properties from: /opt/jmeter/bin/system.properties
2025-07-17 16:34:48,769 INFO o.a.j.JMeter: Copyright (c) 1998-2024 The Apache Software Foundation
2025-07-17 16:34:48,769 INFO o.a.j.JMeter: Version 5.6.3
2025-07-17 16:34:48,769 INFO o.a.j.JMeter: java.version=21.0.7
2025-07-17 16:34:48,769 INFO o.a.j.JMeter: java.vm.name=OpenJDK 64-Bit Server VM
2025-07-17 16:34:48,769 INFO o.a.j.JMeter: os.name=Linux
2025-07-17 16:34:48,770 INFO o.a.j.JMeter: os.arch=amd64
2025-07-17 16:34:48,770 INFO o.a.j.JMeter: os.version=6.8.0-63-generic
2025-07-17 16:34:48,770 INFO o.a.j.JMeter: file.encoding=UTF-8
2025-07-17 16:34:48,770 INFO o.a.j.JMeter: java.awt.headless=null
2025-07-17 16:34:48,770 INFO o.a.j.JMeter: Max memory     =1073741824
2025-07-17 16:34:48,770 INFO o.a.j.JMeter: Available Processors =8
2025-07-17 16:34:48,780 INFO o.a.j.JMeter: Default Locale=English (EN)
2025-07-17 16:34:48,781 INFO o.a.j.JMeter: JMeter  Locale=English (EN)
2025-07-17 16:34:48,781 INFO o.a.j.JMeter: JMeterHome=/opt/jmeter
2025-07-17 16:34:48,781 INFO o.a.j.JMeter: user.dir  =/home/user/Downloads/akamai/linodeapp
2025-07-17 16:34:48,781 INFO o.a.j.JMeter: PWD       =/home/user/Downloads/akamai/linodeapp
2025-07-17 16:34:48,781 INFO o.a.j.JMeter: IP: 127.0.1.1 Name: user-Latitude-3420 FullName: user-Latitude-3420
2025-07-17 16:34:48,791 INFO o.a.j.JMeter: Loaded icon properties from org/apache/jmeter/images/icon.properties
2025-07-17 16:34:48,957 INFO o.a.j.JMeterGuiLauncher: Setting LAF to: com.github.weisj.darklaf.DarkLaf:com.github.weisj.darklaf.theme.DarculaTheme
